// Jest Snapshot v1, https://goo.gl/fbAQLP

exports[`AppBar Component JobCard renders correctly 1`] = `
ShallowWrapper {
  Symbol(enzyme.__root__): [Circular],
  Symbol(enzyme.__unrendered__): <WithStyles(JobCard)
    image="https://upload.wikimedia.org/wikipedia/commons/2/25/Houses_on_Garfield_Place,_Poughkeepsie,_NY.jpg"
    location_city="Vancouver"
    location_line_1="1119 W 32nd Street"
    location_region="WA"
  />,
  Symbol(enzyme.__renderer__): Object {
    "batchedUpdates": [Function],
    "checkPropTypes": [Function],
    "getNode": [Function],
    "render": [Function],
    "simulateError": [Function],
    "simulateEvent": [Function],
    "unmount": [Function],
  },
  Symbol(enzyme.__node__): Object {
    "instance": null,
    "key": undefined,
    "nodeType": "class",
    "props": Object {
      "classes": Object {
        "card": "JobCard-card-1",
        "media": "JobCard-media-2",
      },
      "image": "https://upload.wikimedia.org/wikipedia/commons/2/25/Houses_on_Garfield_Place,_Poughkeepsie,_NY.jpg",
      "location_city": "Vancouver",
      "location_line_1": "1119 W 32nd Street",
      "location_region": "WA",
    },
    "ref": null,
    "rendered": null,
    "type": [Function],
  },
  Symbol(enzyme.__nodes__): Array [
    Object {
      "instance": null,
      "key": undefined,
      "nodeType": "class",
      "props": Object {
        "classes": Object {
          "card": "JobCard-card-1",
          "media": "JobCard-media-2",
        },
        "image": "https://upload.wikimedia.org/wikipedia/commons/2/25/Houses_on_Garfield_Place,_Poughkeepsie,_NY.jpg",
        "location_city": "Vancouver",
        "location_line_1": "1119 W 32nd Street",
        "location_region": "WA",
      },
      "ref": null,
      "rendered": null,
      "type": [Function],
    },
  ],
  Symbol(enzyme.__options__): Object {
    "adapter": ReactSixteenAdapter {
      "options": Object {
        "enableComponentDidUpdateOnSetState": true,
        "legacyContextMode": "parent",
        "lifecycles": Object {
          "componentDidUpdate": Object {
            "onSetState": true,
          },
          "getChildContext": Object {
            "calledByRenderer": false,
          },
          "getDerivedStateFromError": true,
          "getDerivedStateFromProps": Object {
            "hasShouldComponentUpdateBug": false,
          },
          "getSnapshotBeforeUpdate": true,
          "setState": Object {
            "skipsComponentDidUpdateOnNullish": true,
          },
        },
      },
    },
  },
  Symbol(enzyme.__childContext__): null,
}
`;
